// Jest Snapshot v1, https://goo.gl/fbAQLP

exports[`Button Component matches snapshot 1`] = `
<button
  className="bg-blue-700 hover:bg-blue-800 text-white text-sm py-2 px-4 rounded focus:outline-none focus:shadow-outline"
  data-testid="button"
  type="button"
>
  Save
</button>
`;
